Microchip MPLAB XC8 Compiler V2.00 ()

Linker command line:

-W-3 --edf=C:\Program Files (x86)\Microchip\xc8\v2.00\pic\dat\en_msgs.txt \
  -cs -h+dist/default/production\InLab8.X.production.sym \
  --cmf=dist/default/production\InLab8.X.production.cmf -z -Q18F26K22 \
  -oC:\Users\ERBORN~1\AppData\Local\Temp\s2p8.2 --defsym=__MPLAB_BUILD=1 \
  -Mdist/default/production/InLab8.X.production.map -E1 -ver=XC8 \
  --acfsm=1493 -ASTACK=0120h-0f37h -pstack=STACK -ACODE=00h-0FFFFh \
  -ACONST=00h-0FFFFh -ASMALLCONST=01000h-010FFhx240 \
  -AMEDIUMCONST=01000h-0FFFFh -ACOMRAM=01h-05Fh -AABS1=00h-0F37h \
  -ABIGRAM=01h-0F37h -ARAM=060h-0FFh,0100h-01FFhx14,0F00h-0F37h \
  -ABANK0=060h-0FFh -ABANK1=0100h-01FFh -ABANK2=0200h-02FFh \
  -ABANK3=0300h-03FFh -ABANK4=0400h-04FFh -ABANK5=0500h-05FFh \
  -ABANK6=0600h-06FFh -ABANK7=0700h-07FFh -ABANK8=0800h-08FFh \
  -ABANK9=0900h-09FFh -ABANK10=0A00h-0AFFh -ABANK11=0B00h-0BFFh \
  -ABANK12=0C00h-0CFFh -ABANK13=0D00h-0DFFh -ABANK14=0E00h-0EFFh \
  -ABANK15=0F00h-0F37h -ASFR=0F38h-0F5Fh,0F60h-0FFFh \
  -preset_vec=00h,intcode=08h,intcodelo,powerup,init -pramtop=01000h \
  -psmallconst=SMALLCONST -pmediumconst=MEDIUMCONST -pconst=CONST \
  -AFARRAM=00h-00h -ACONFIG=0300000h-030000Dh -pconfig=CONFIG \
  -AIDLOC=0200000h-0200007h -pidloc=IDLOC -AEEDATA=0F00000h-0F003FFh \
  -peeprom_data=EEDATA \
  -prdata=COMRAM,nvrram=COMRAM,nvbit=COMRAM,rbss=COMRAM,rbit=COMRAM \
  -pfarbss=FARRAM,fardata=FARRAM,nvFARRAM=FARRAM \
  -pintsave_regs=BIGRAM,bigbss=BIGRAM,bigdata=BIGRAM -pbss=RAM \
  -pidata=CODE,irdata=CODE,ibigdata=CODE,ifardata=CODE -prparam=COMRAM \
  C:\Users\ERBORN~1\AppData\Local\Temp\s2p8.o \
  dist/default/production\InLab8.X.production.o 

Object code version is 3.11

Machine type is 18F26K22

Call graph: (short form)




                Name                               Link     Load   Length Selector   Space Scale
C:\Users\ERBORN~1\AppData\Local\Temp\s2p8.o
                init                                 46       46        4        4       0
                reset_vec                             0        0        4        0       0
                idloc                            200000   200000        8   200000       0
                config                           300000   300000        E   300000       0
dist/default/production\InLab8.X.production.o
                intcode                               8        8       3E        4       0
                temp                                 5A       5A        1        1       1
                mediumconst                        FDFC     FDFC      204     7EFE       0
                text37                             1E88     1E88        A        4       0
                text36                             1DFE     1DFE       1A        4       0
                text35                             1C78     1C78       3C        4       0
                text33                             1E30     1E30       18        4       0
                text32                             1D1E     1D1E       30        4       0
                text31                             1E18     1E18       18        4       0
                text30                             1E5E     1E5E       16        4       0
                text29                             1E48     1E48       16        4       0
                text28                             1E92     1E92        4        4       0
                text27                             1DA2     1DA2       24        4       0
                text26                             1D78     1D78       2A        4       0
                text25                             1E7E     1E7E        A        4       0
                text24                             1CB4     1CB4       36        4       0
                text23                             1DE4     1DE4       1A        4       0
                text22                             1966     1966       88        4       0
                text21                             1D4E     1D4E       2A        4       0
                text20                             1C3C     1C3C       3C        4       0
                text19                             1AB8     1AB8       5A        4       0
                text18                             10A6     10A6      21C        4       0
                text17                             1DC6     1DC6       1E        4       0
                text16                             1E74     1E74        A        4       0
                text15                             18BC     18BC       AA        4       0
                text14                             1B64     1B64       4C        4       0
                text13                             1B12     1B12       52        4       0
                text12                             17E6     17E6       D6        4       0
                text11                             1A56     1A56       62        4       0
                text10                             12C2     12C2      1B0        4       0
                text9                              1472     1472      18C        4       0
                text8                              1BF8     1BF8       44        4       0
                text7                               B62      B62      31E        4       0
                text6                              15FE     15FE      104        4       0
                text5                              1702     1702       E4        4       0
                text4                               E80      E80      226        4       0
                text3                               722      722      440        4       0
                text2                              19EE     19EE       68        4       0
                text1                              1CEA     1CEA       34        4       0
                text0                                4A       4A      6D8        4       0
                cstackCOMRAM                          1        1       55        1       1
                cstackBANK0                          60       60       91       60       1
                bssBANK1                            100      100       20      100       1
                dataBANK0                            FA       FA        3       60       1
                bssBANK0                             F1       F1        9       60       1
                bssCOMRAM                            56       56        4        1       1
                cinit                              1BB0     1BB0       48        4       0
                idataBANK0                         1E96     1E96        3        4       0

TOTAL           Name                               Link     Load   Length     Space
        CLASS   STACK          

        CLASS   CODE           
                intcode                               8        8       3E         0
                init                                 46       46        4         0
                reset_vec                             0        0        4         0
                text37                             1E88     1E88        A         0
                text36                             1DFE     1DFE       1A         0
                text35                             1C78     1C78       3C         0
                text33                             1E30     1E30       18         0
                text32                             1D1E     1D1E       30         0
                text31                             1E18     1E18       18         0
                text30                             1E5E     1E5E       16         0
                text29                             1E48     1E48       16         0
                text28                             1E92     1E92        4         0
                text27                             1DA2     1DA2       24         0
                text26                             1D78     1D78       2A         0
                text25                             1E7E     1E7E        A         0
                text24                             1CB4     1CB4       36         0
                text23                             1DE4     1DE4       1A         0
                text22                             1966     1966       88         0
                text21                             1D4E     1D4E       2A         0
                text20                             1C3C     1C3C       3C         0
                text19                             1AB8     1AB8       5A         0
                text18                             10A6     10A6      21C         0
                text17                             1DC6     1DC6       1E         0
                text16                             1E74     1E74        A         0
                text15                             18BC     18BC       AA         0
                text14                             1B64     1B64       4C         0
                text13                             1B12     1B12       52         0
                text12                             17E6     17E6       D6         0
                text11                             1A56     1A56       62         0
                text10                             12C2     12C2      1B0         0
                text9                              1472     1472      18C         0
                text8                              1BF8     1BF8       44         0
                text7                               B62      B62      31E         0
                text6                              15FE     15FE      104         0
                text5                              1702     1702       E4         0
                text4                               E80      E80      226         0
                text3                               722      722      440         0
                text2                              19EE     19EE       68         0
                text1                              1CEA     1CEA       34         0
                text0                                4A       4A      6D8         0
                cinit                              1BB0     1BB0       48         0
                idataBANK0                         1E96     1E96        3         0

        CLASS   CONST          

        CLASS   SMALLCONST     

        CLASS   MEDIUMCONST    
                mediumconst                        FDFC     FDFC      204         0

        CLASS   COMRAM         
                temp                                 5A       5A        1         1
                cstackCOMRAM                          1        1       55         1
                bssCOMRAM                            56       56        4         1

        CLASS   ABS1           

        CLASS   BIGRAM         

        CLASS   RAM            

        CLASS   BANK0          
                cstackBANK0                          60       60       91         1
                dataBANK0                            FA       FA        3         1
                bssBANK0                             F1       F1        9         1

        CLASS   BANK1          
                bssBANK1                            100      100       20         1

        CLASS   BANK2          

        CLASS   BANK3          

        CLASS   BANK4          

        CLASS   BANK5          

        CLASS   BANK6          

        CLASS   BANK7          

        CLASS   BANK8          

        CLASS   BANK9          

        CLASS   BANK10         

        CLASS   BANK11         

        CLASS   BANK12         

        CLASS   BANK13         

        CLASS   BANK14         

        CLASS   BANK15         

        CLASS   SFR            

        CLASS   FARRAM         

        CLASS   CONFIG         
                config                           300000   300000        E         0

        CLASS   IDLOC          
                idloc                            200000   200000        8         0

        CLASS   EEDATA         



SEGMENTS        Name                           Load    Length   Top    Selector   Space  Class

                reset_vec                      000000  000004  000004         0       0  CODE    
                cstackCOMRAM                   000001  00005A  00005B         1       1  COMRAM  
                intcode                        000008  001E91  001E99         4       0  CODE    
                cstackBANK0                    000060  00009D  0000FD        60       1  BANK0   
                bssBANK1                       000100  000020  000120       100       1  BANK1   
                mediumconst                    00FDFC  000204  010000      7EFE       0  MEDIUMCO
                idloc                          200000  000008  200008    200000       0  IDLOC   
                config                         300000  00000E  30000E    300000       0  CONFIG  


UNUSED ADDRESS RANGES

        Name                Unused          Largest block    Delta
        BANK0            0000FD-0000FF                3
        BANK1            000120-0001FF               E0
        BANK10           000A00-000AFF              100
        BANK11           000B00-000BFF              100
        BANK12           000C00-000CFF              100
        BANK13           000D00-000DFF              100
        BANK14           000E00-000EFF              100
        BANK15           000F00-000F37               38
        BANK2            000200-0002FF              100
        BANK3            000300-0003FF              100
        BANK4            000400-0004FF              100
        BANK5            000500-0005FF              100
        BANK6            000600-0006FF              100
        BANK7            000700-0007FF              100
        BANK8            000800-0008FF              100
        BANK9            000900-0009FF              100
        BIGRAM           00005B-00005F                5
                         0000FD-0000FF                3
                         000120-000F37              E18
        CODE             000004-000007                4
                         001E99-00FDFB             DF63
        COMRAM           00005B-00005F                5
        CONST            000004-000007                4
                         001E99-00FDFB             DF63
        EEDATA           F00000-F003FF              400
        MEDIUMCONST      001E99-00FDFB             DF63
        RAM              0000FD-0000FF                3
                         000120-000F37              100
        SFR              000F38-000FFF               28
        SMALLCONST       001E99-00FDFB              100
        STACK            000120-000F37              E18

                                  Symbol Table

?___aodiv                                 cstackCOMRAM 000003
?___aomod                                 cstackCOMRAM 000003
?___lodiv                                 cstackCOMRAM 000003
?___lomod                                 cstackCOMRAM 000003
?___lwdiv                                 cstackCOMRAM 000009
?___wmul                                  cstackCOMRAM 000003
?_abs                                     cstackCOMRAM 000015
?_atoi                                    cstackCOMRAM 00000A
?_ctoa                                    cstackCOMRAM 000020
?_dtoa                                    cstackCOMRAM 000020
?_isdigit                                 cstackCOMRAM 000003
?_isspace                                 cstackCOMRAM 000003
?_pad                                     cstackCOMRAM 000015
?_printf                                  cstackBANK0  000073
?_strlen                                  cstackCOMRAM 000003
?_utoa                                    cstackCOMRAM 000020
?_vfpfcnvrt                               cstackCOMRAM 000044
?_vfprintf                                cstackCOMRAM 00004E
ADC_SelectChannel@channel                 cstackCOMRAM 000004
EUSART1_Write@txData                      cstackCOMRAM 000003
TMR0_SetInterruptHandler@InterruptHandler cstackCOMRAM 000003
_ADCON0                                   (abs)        000FC2
_ADCON0bits                               (abs)        000FC2
_ADCON1                                   (abs)        000FC1
_ADCON2                                   (abs)        000FC0
_ADC_Initialize                           text30       001E5E
_ADC_SelectChannel                        text33       001E30
_ADRESH                                   (abs)        000FC4
_ADRESL                                   (abs)        000FC3
_ANSELA                                   (abs)        000F38
_ANSELB                                   (abs)        000F39
_ANSELC                                   (abs)        000F3A
_BAUDCON1                                 (abs)        000FB8
_EUSART1_Initialize                       text29       001E48
_EUSART1_Read                             text32       001D1E
_EUSART1_Write                            text17       001DC6
_EUSART1_is_rx_ready                      text31       001E18
_INTCON2bits                              (abs)        000FF1
_INTCONbits                               (abs)        000FF2
_INTERRUPT_Initialize                     text28       001E92
_INTERRUPT_InterruptManager               intcode      000008
_LATA                                     (abs)        000F89
_LATB                                     (abs)        000F8A
_LATC                                     (abs)        000F8B
_LATCbits                                 (abs)        000F8B
_NEW_SAMPLE                               bssBANK0     0000F9
_OSCCON                                   (abs)        000FD3
_OSCCON2                                  (abs)        000FD2
_OSCILLATOR_Initialize                    text27       001DA2
_OSCTUNE                                  (abs)        000F9B
_PIN_MANAGER_Initialize                   text26       001D78
_PIR1bits                                 (abs)        000F9E
_PLLRDY                                   (abs)        007E97
_RCONbits                                 (abs)        000FD0
_RCREG1                                   (abs)        000FAE
_RCSTA1                                   (abs)        000FAB
_RCSTA1bits                               (abs)        000FAB
_SPBRG1                                   (abs)        000FAF
_SPBRGH1                                  (abs)        000FB0
_SYSTEM_Initialize                        text23       001DE4
_T0CON                                    (abs)        000FD5
_T0CONbits                                (abs)        000FD5
_TMR0H                                    (abs)        000FD7
_TMR0L                                    (abs)        000FD6
_TMR0_DefaultInterruptHandler             text36       001DFE
_TMR0_ISR                                 text35       001C78
_TMR0_Initialize                          text24       001CB4
_TMR0_InterruptHandler                    bssBANK0     0000F7
_TMR0_Reload                              text37       001E88
_TMR0_SetInterruptHandler                 text25       001E7E
_TRISA                                    (abs)        000F92
_TRISB                                    (abs)        000F93
_TRISC                                    (abs)        000F94
_TXREG1                                   (abs)        000FAD
_TXSTA1                                   (abs)        000FAC
_TXSTA1bits                               (abs)        000FAC
_WPUB                                     (abs)        000F61
__CFG_BOREN$SBORDIS                       (abs)        000000
__CFG_BORV$190                            (abs)        000000
__CFG_CCP2MX$PORTC1                       (abs)        000000
__CFG_CCP3MX$PORTB5                       (abs)        000000
__CFG_CP0$OFF                             (abs)        000000
__CFG_CP1$OFF                             (abs)        000000
__CFG_CP2$OFF                             (abs)        000000
__CFG_CP3$OFF                             (abs)        000000
__CFG_CPB$OFF                             (abs)        000000
__CFG_CPD$OFF                             (abs)        000000
__CFG_DEBUG$OFF                           (abs)        000000
__CFG_EBTR0$OFF                           (abs)        000000
__CFG_EBTR1$OFF                           (abs)        000000
__CFG_EBTR2$OFF                           (abs)        000000
__CFG_EBTR3$OFF                           (abs)        000000
__CFG_EBTRB$OFF                           (abs)        000000
__CFG_FCMEN$OFF                           (abs)        000000
__CFG_FOSC$INTIO67                        (abs)        000000
__CFG_HFOFST$ON                           (abs)        000000
__CFG_IESO$OFF                            (abs)        000000
__CFG_LVP$ON                              (abs)        000000
__CFG_MCLRE$EXTMCLR                       (abs)        000000
__CFG_P2BMX$PORTB5                        (abs)        000000
__CFG_PBADEN$ON                           (abs)        000000
__CFG_PLLCFG$OFF                          (abs)        000000
__CFG_PRICLKEN$ON                         (abs)        000000
__CFG_PWRTEN$OFF                          (abs)        000000
__CFG_STVREN$ON                           (abs)        000000
__CFG_T3CMX$PORTC0                        (abs)        000000
__CFG_WDTEN$OFF                           (abs)        000000
__CFG_WDTPS$32768                         (abs)        000000
__CFG_WRT0$OFF                            (abs)        000000
__CFG_WRT1$OFF                            (abs)        000000
__CFG_WRT2$OFF                            (abs)        000000
__CFG_WRT3$OFF                            (abs)        000000
__CFG_WRTB$OFF                            (abs)        000000
__CFG_WRTC$OFF                            (abs)        000000
__CFG_WRTD$OFF                            (abs)        000000
__CFG_XINST$OFF                           (abs)        000000
__HRAM                                    (abs)        000000
__Habs1                                   abs1         000000
__Hbank0                                  bank0        000000
__Hbank1                                  bank1        000000
__Hbank10                                 bank10       000000
__Hbank11                                 bank11       000000
__Hbank12                                 bank12       000000
__Hbank13                                 bank13       000000
__Hbank14                                 bank14       000000
__Hbank15                                 bank15       000000
__Hbank2                                  bank2        000000
__Hbank3                                  bank3        000000
__Hbank4                                  bank4        000000
__Hbank5                                  bank5        000000
__Hbank6                                  bank6        000000
__Hbank7                                  bank7        000000
__Hbank8                                  bank8        000000
__Hbank9                                  bank9        000000
__Hbigbss                                 bigbss       000000
__Hbigdata                                bigdata      000000
__Hbigram                                 bigram       000000
__Hbss                                    bss          000000
__HbssBANK0                               bssBANK0     000000
__HbssBANK1                               bssBANK1     000000
__HbssCOMRAM                              bssCOMRAM    000000
__Hcinit                                  cinit        000000
__Hclrtext                                clrtext      000000
__Hcomram                                 comram       000000
__Hconfig                                 config       30000E
__Hconst                                  const        000000
__HcstackBANK0                            cstackBANK0  000000
__HcstackCOMRAM                           cstackCOMRAM 000000
__Hdata                                   data         000000
__HdataBANK0                              dataBANK0    000000
__Heeprom_data                            eeprom_data  000000
__Hfarbss                                 farbss       000000
__Hfardata                                fardata      000000
__Hibigdata                               ibigdata     000000
__Hidata                                  idata        000000
__HidataBANK0                             idataBANK0   000000
__Hidloc                                  idloc        200008
__Hifardata                               ifardata     000000
__Hinit                                   init         00004A
__Hintcode                                intcode      000046
__Hintcode_body                           intcode_body 000000
__Hintcodelo                              intcodelo    000046
__Hintentry                               intentry     000000
__Hintret                                 intret       000000
__Hintsave_regs                           intsave_regs 000000
__Hirdata                                 irdata       000000
__Hmediumconst                            mediumconst  010000
__HnvFARRAM                               nvFARRAM     000000
__Hnvbit                                  nvbit        000000
__Hnvrram                                 nvrram       000000
__Hparam                                  rparam       000000
__Hpowerup                                powerup      000046
__Hram                                    ram          000000
__Hramtop                                 ramtop       001000
__Hrbit                                   rbit         000000
__Hrbss                                   rbss         000000
__Hrdata                                  rdata        000000
__Hreset_vec                              reset_vec    000004
__Hrparam                                 rparam       000000
__Hsfr                                    sfr          000000
__Hsmallconst                             smallconst   000000
__Hspace_0                                (abs)        30000E
__Hspace_1                                (abs)        000120
__Hspace_2                                (abs)        000000
__Hstack                                  stack        000000
__Hstruct                                 struct       000000
__Htemp                                   temp         00005B
__Htext                                   text         000000
__Htext0                                  text0        000000
__Htext1                                  text1        000000
__Htext10                                 text10       000000
__Htext11                                 text11       000000
__Htext12                                 text12       000000
__Htext13                                 text13       000000
__Htext14                                 text14       000000
__Htext15                                 text15       000000
__Htext16                                 text16       000000
__Htext17                                 text17       000000
__Htext18                                 text18       000000
__Htext19                                 text19       000000
__Htext2                                  text2        000000
__Htext20                                 text20       000000
__Htext21                                 text21       000000
__Htext22                                 text22       000000
__Htext23                                 text23       000000
__Htext24                                 text24       000000
__Htext25                                 text25       000000
__Htext26                                 text26       000000
__Htext27                                 text27       000000
__Htext28                                 text28       000000
__Htext29                                 text29       000000
__Htext3                                  text3        000000
__Htext30                                 text30       000000
__Htext31                                 text31       000000
__Htext32                                 text32       000000
__Htext33                                 text33       000000
__Htext35                                 text35       000000
__Htext36                                 text36       000000
__Htext37                                 text37       000000
__Htext38                                 text38       000000
__Htext4                                  text4        000000
__Htext5                                  text5        000000
__Htext6                                  text6        000000
__Htext7                                  text7        000000
__Htext8                                  text8        000000
__Htext9                                  text9        000000
__LRAM                                    (abs)        000001
__Labs1                                   abs1         000000
__Lbank0                                  bank0        000000
__Lbank1                                  bank1        000000
__Lbank10                                 bank10       000000
__Lbank11                                 bank11       000000
__Lbank12                                 bank12       000000
__Lbank13                                 bank13       000000
__Lbank14                                 bank14       000000
__Lbank15                                 bank15       000000
__Lbank2                                  bank2        000000
__Lbank3                                  bank3        000000
__Lbank4                                  bank4        000000
__Lbank5                                  bank5        000000
__Lbank6                                  bank6        000000
__Lbank7                                  bank7        000000
__Lbank8                                  bank8        000000
__Lbank9                                  bank9        000000
__Lbigbss                                 bigbss       000000
__Lbigdata                                bigdata      000000
__Lbigram                                 bigram       000000
__Lbss                                    bss          000000
__LbssBANK0                               bssBANK0     000000
__LbssBANK1                               bssBANK1     000000
__LbssCOMRAM                              bssCOMRAM    000000
__Lcinit                                  cinit        000000
__Lclrtext                                clrtext      000000
__Lcomram                                 comram       000000
__Lconfig                                 config       300000
__Lconst                                  const        000000
__LcstackBANK0                            cstackBANK0  000000
__LcstackCOMRAM                           cstackCOMRAM 000000
__Ldata                                   data         000000
__LdataBANK0                              dataBANK0    000000
__Leeprom_data                            eeprom_data  000000
__Lfarbss                                 farbss       000000
__Lfardata                                fardata      000000
__Libigdata                               ibigdata     000000
__Lidata                                  idata        000000
__LidataBANK0                             idataBANK0   000000
__Lidloc                                  idloc        200000
__Lifardata                               ifardata     000000
__Linit                                   init         000046
__Lintcode                                intcode      000008
__Lintcode_body                           intcode_body 000000
__Lintcodelo                              intcodelo    000046
__Lintentry                               intentry     000000
__Lintret                                 intret       000000
__Lintsave_regs                           intsave_regs 000000
__Lirdata                                 irdata       000000
__Lmediumconst                            mediumconst  00FDFC
__LnvFARRAM                               nvFARRAM     000000
__Lnvbit                                  nvbit        000000
__Lnvrram                                 nvrram       000000
__Lparam                                  rparam       000000
__Lpowerup                                powerup      000046
__Lram                                    ram          000000
__Lramtop                                 ramtop       001000
__Lrbit                                   rbit         000000
__Lrbss                                   rbss         000000
__Lrdata                                  rdata        000000
__Lreset_vec                              reset_vec    000000
__Lrparam                                 rparam       000000
__Lsfr                                    sfr          000000
__Lsmallconst                             smallconst   000000
__Lspace_0                                (abs)        000000
__Lspace_1                                (abs)        000000
__Lspace_2                                (abs)        000000
__Lstack                                  stack        000000
__Lstruct                                 struct       000000
__Ltemp                                   temp         00005A
__Ltext                                   text         000000
__Ltext0                                  text0        000000
__Ltext1                                  text1        000000
__Ltext10                                 text10       000000
__Ltext11                                 text11       000000
__Ltext12                                 text12       000000
__Ltext13                                 text13       000000
__Ltext14                                 text14       000000
__Ltext15                                 text15       000000
__Ltext16                                 text16       000000
__Ltext17                                 text17       000000
__Ltext18                                 text18       000000
__Ltext19                                 text19       000000
__Ltext2                                  text2        000000
__Ltext20                                 text20       000000
__Ltext21                                 text21       000000
__Ltext22                                 text22       000000
__Ltext23                                 text23       000000
__Ltext24                                 text24       000000
__Ltext25                                 text25       000000
__Ltext26                                 text26       000000
__Ltext27                                 text27       000000
__Ltext28                                 text28       000000
__Ltext29                                 text29       000000
__Ltext3                                  text3        000000
__Ltext30                                 text30       000000
__Ltext31                                 text31       000000
__Ltext32                                 text32       000000
__Ltext33                                 text33       000000
__Ltext35                                 text35       000000
__Ltext36                                 text36       000000
__Ltext37                                 text37       000000
__Ltext38                                 text38       000000
__Ltext4                                  text4        000000
__Ltext5                                  text5        000000
__Ltext6                                  text6        000000
__Ltext7                                  text7        000000
__Ltext8                                  text8        000000
__Ltext9                                  text9        000000
__S0                                      (abs)        30000E
__S1                                      (abs)        000120
__S2                                      (abs)        000000
___aodiv                                  text10       0012C2
___aodiv@counter                          cstackCOMRAM 000013
___aodiv@dividend                         cstackCOMRAM 000003
___aodiv@divisor                          cstackCOMRAM 00000B
___aodiv@quotient                         cstackCOMRAM 000015
___aodiv@sign                             cstackCOMRAM 000014
___aomod                                  text9        001472
___aomod@counter                          cstackCOMRAM 000013
___aomod@dividend                         cstackCOMRAM 000003
___aomod@divisor                          cstackCOMRAM 00000B
___aomod@sign                             cstackCOMRAM 000014
___inthi_sp                               stack        000000
___intlo_sp                               stack        000000
___lodiv                                  text6        0015FE
___lodiv@counter                          cstackCOMRAM 00001B
___lodiv@dividend                         cstackCOMRAM 000003
___lodiv@divisor                          cstackCOMRAM 00000B
___lodiv@quotient                         cstackCOMRAM 000013
___lomod                                  text5        001702
___lomod@counter                          cstackCOMRAM 000013
___lomod@dividend                         cstackCOMRAM 000003
___lomod@divisor                          cstackCOMRAM 00000B
___lwdiv                                  text22       001966
___lwdiv@counter                          cstackCOMRAM 00000F
___lwdiv@dividend                         cstackCOMRAM 000009
___lwdiv@divisor                          cstackCOMRAM 00000B
___lwdiv@quotient                         cstackCOMRAM 00000D
___param_bank                             (abs)        000000
___rparam_used                            (abs)        000001
___sp                                     stack        000000
___wmul                                   text21       001D4E
___wmul@multiplicand                      cstackCOMRAM 000005
___wmul@multiplier                        cstackCOMRAM 000003
___wmul@product                           cstackCOMRAM 000007
__accesstop                               (abs)        000060
__activetblptr                            (abs)        000003
__end_of_ADC_Initialize                   text30       001E74
__end_of_ADC_SelectChannel                text33       001E48
__end_of_EUSART1_Initialize               text29       001E5E
__end_of_EUSART1_Read                     text32       001D4E
__end_of_EUSART1_Write                    text17       001DE4
__end_of_EUSART1_is_rx_ready              text31       001E30
__end_of_INTERRUPT_Initialize             text28       001E96
__end_of_INTERRUPT_InterruptManager       intcode      000046
__end_of_OSCILLATOR_Initialize            text27       001DC6
__end_of_PIN_MANAGER_Initialize           text26       001DA2
__end_of_SYSTEM_Initialize                text23       001DFE
__end_of_TMR0_DefaultInterruptHandler     text36       001E18
__end_of_TMR0_ISR                         text35       001CB4
__end_of_TMR0_Initialize                  text24       001CEA
__end_of_TMR0_Reload                      text37       001E92
__end_of_TMR0_SetInterruptHandler         text25       001E88
__end_of___aodiv                          text10       001472
__end_of___aomod                          text9        0015FE
__end_of___lodiv                          text6        001702
__end_of___lomod                          text5        0017E6
__end_of___lwdiv                          text22       0019EE
__end_of___wmul                           text21       001D78
__end_of__initialization                  cinit        001BEE
__end_of_abs                              text8        001C3C
__end_of_atoi                             text18       0012C2
__end_of_ctoa                             text11       001AB8
__end_of_dtoa                             text7        000E80
__end_of_fputc                            text15       001966
__end_of_fputs                            text14       001BB0
__end_of_isdigit                          text20       001C78
__end_of_isspace                          text19       001B12
__end_of_main                             text0        000722
__end_of_pad                              text12       0018BC
__end_of_printf                           text1        001D1E
__end_of_putch                            text16       001E7E
__end_of_strlen                           text13       001B64
__end_of_utoa                             text4        0010A6
__end_of_vfpfcnvrt                        text3        000B62
__end_of_vfprintf                         text2        001A56
__initialization                          cinit        001BB0
__mediumconst                             mediumconst  00FDFC
__pbssBANK0                               bssBANK0     0000F1
__pbssBANK1                               bssBANK1     000100
__pbssCOMRAM                              bssCOMRAM    000056
__pcinit                                  cinit        001BB0
__pcstackBANK0                            cstackBANK0  000060
__pcstackCOMRAM                           cstackCOMRAM 000001
__pdataBANK0                              dataBANK0    0000FA
__pidataBANK0                             idataBANK0   001E96
__pintcode                                intcode      000008
__pmediumconst                            mediumconst  00FDFC
__ptext0                                  text0        00004A
__ptext1                                  text1        001CEA
__ptext10                                 text10       0012C2
__ptext11                                 text11       001A56
__ptext12                                 text12       0017E6
__ptext13                                 text13       001B12
__ptext14                                 text14       001B64
__ptext15                                 text15       0018BC
__ptext16                                 text16       001E74
__ptext17                                 text17       001DC6
__ptext18                                 text18       0010A6
__ptext19                                 text19       001AB8
__ptext2                                  text2        0019EE
__ptext20                                 text20       001C3C
__ptext21                                 text21       001D4E
__ptext22                                 text22       001966
__ptext23                                 text23       001DE4
__ptext24                                 text24       001CB4
__ptext25                                 text25       001E7E
__ptext26                                 text26       001D78
__ptext27                                 text27       001DA2
__ptext28                                 text28       001E92
__ptext29                                 text29       001E48
__ptext3                                  text3        000722
__ptext30                                 text30       001E5E
__ptext31                                 text31       001E18
__ptext32                                 text32       001D1E
__ptext33                                 text33       001E30
__ptext35                                 text35       001C78
__ptext36                                 text36       001DFE
__ptext37                                 text37       001E88
__ptext38                                 text38       000000
__ptext4                                  text4        000E80
__ptext5                                  text5        001702
__ptext6                                  text6        0015FE
__ptext7                                  text7        000B62
__ptext8                                  text8        001BF8
__ptext9                                  text9        001472
__ramtop                                  ramtop       001000
__size_of_ADC_Initialize                  (abs)        000000
__size_of_ADC_SelectChannel               (abs)        000000
__size_of_EUSART1_Initialize              (abs)        000000
__size_of_EUSART1_Read                    (abs)        000000
__size_of_EUSART1_Write                   (abs)        000000
__size_of_EUSART1_is_rx_ready             (abs)        000000
__size_of_INTERRUPT_Initialize            (abs)        000000
__size_of_INTERRUPT_InterruptManager      (abs)        000000
__size_of_OSCILLATOR_Initialize           (abs)        000000
__size_of_PIN_MANAGER_Initialize          (abs)        000000
__size_of_SYSTEM_Initialize               (abs)        000000
__size_of_TMR0_DefaultInterruptHandler    (abs)        000000
__size_of_TMR0_ISR                        (abs)        000000
__size_of_TMR0_Initialize                 (abs)        000000
__size_of_TMR0_Reload                     (abs)        000000
__size_of_TMR0_SetInterruptHandler        (abs)        000000
__size_of___aodiv                         (abs)        000000
__size_of___aomod                         (abs)        000000
__size_of___lodiv                         (abs)        000000
__size_of___lomod                         (abs)        000000
__size_of___lwdiv                         (abs)        000000
__size_of___wmul                          (abs)        000000
__size_of_abs                             (abs)        000000
__size_of_atoi                            (abs)        000000
__size_of_ctoa                            (abs)        000000
__size_of_dtoa                            (abs)        000000
__size_of_fputc                           (abs)        000000
__size_of_fputs                           (abs)        000000
__size_of_isdigit                         (abs)        000000
__size_of_isspace                         (abs)        000000
__size_of_main                            (abs)        000000
__size_of_pad                             (abs)        000000
__size_of_printf                          (abs)        000000
__size_of_putch                           (abs)        000000
__size_of_strlen                          (abs)        000000
__size_of_utoa                            (abs)        000000
__size_of_vfpfcnvrt                       (abs)        000000
__size_of_vfprintf                        (abs)        000000
__smallconst                              smallconst   000000
_abs                                      text8        001BF8
_atoi                                     text18       0010A6
_atoi$1395                                cstackCOMRAM 000012
_atoi$1396                                cstackCOMRAM 000016
_atoi$1397                                cstackCOMRAM 000014
_ctoa                                     text11       001A56
_dbuf                                     bssBANK1     000100
_dtoa                                     text7        000B62
_dtoa$915                                 cstackCOMRAM 000032
_flags                                    bssBANK0     0000F5
_fputc                                    text15       0018BC
_fputs                                    text14       001B64
_isdigit                                  text20       001C3C
_isspace                                  text19       001AB8
_isspace$1413                             cstackCOMRAM 000009
_lowerThreshold                           dataBANK0    0000FB
_main                                     text0        00004A
_main$824                                 cstackBANK0  0000E8
_main$825                                 cstackBANK0  0000EA
_nout                                     bssBANK0     0000F1
_pad                                      text12       0017E6
_prec                                     bssBANK0     0000F3
_printf                                   text1        001CEA
_putch                                    text16       001E74
_strlen                                   text13       001B12
_thresholdDelta                           dataBANK0    0000FA
_timer0ReloadVal                          bssCOMRAM    000058
_upperThreshold                           dataBANK0    0000FC
_utoa                                     text4        000E80
_vfpfcnvrt                                text3        000722
_vfpfcnvrt$936                            cstackBANK0  000071
_vfprintf                                 text2        0019EE
_width                                    bssCOMRAM    000056
abs@a                                     cstackCOMRAM 000015
atoi@n                                    cstackCOMRAM 000017
atoi@neg                                  cstackCOMRAM 000010
atoi@s                                    cstackCOMRAM 00000A
btemp                                     temp         00005A
ctoa@c                                    cstackCOMRAM 000022
ctoa@fp                                   cstackCOMRAM 000020
ctoa@w                                    cstackCOMRAM 000023
dtoa@d                                    cstackCOMRAM 000022
dtoa@fp                                   cstackCOMRAM 000020
dtoa@i                                    cstackCOMRAM 000042
dtoa@n                                    cstackCOMRAM 00003A
dtoa@p                                    cstackCOMRAM 000034
dtoa@s                                    cstackCOMRAM 000038
dtoa@w                                    cstackCOMRAM 000036
end_of_initialization                     cinit        001BEE
fputc@c                                   cstackCOMRAM 000005
fputc@fp                                  cstackCOMRAM 000007
fputs@c                                   cstackCOMRAM 000012
fputs@fp                                  cstackCOMRAM 000010
fputs@i                                   cstackCOMRAM 000013
fputs@s                                   cstackCOMRAM 00000E
int$flags                                 temp         00005A
intlevel0                                 text         000000
intlevel1                                 text         000000
intlevel2                                 text         000000
intlevel3                                 text         000000
isdigit@c                                 cstackCOMRAM 000003
isspace@c                                 cstackCOMRAM 000003
main@adc_reading                          cstackBANK0  000088
main@avg                                  cstackBANK0  0000EC
main@cmd                                  cstackBANK0  0000EF
main@crossIndicies                        cstackBANK0  0000C8
main@i                                    cstackBANK0  0000F0
main@num_crosses                          cstackBANK0  0000EE
pad@buf                                   cstackCOMRAM 000017
pad@fp                                    cstackCOMRAM 000015
pad@i                                     cstackCOMRAM 00001C
pad@p                                     cstackCOMRAM 000019
pad@w                                     cstackCOMRAM 00001E
printf@ap                                 cstackBANK0  00007D
printf@fmt                                cstackBANK0  000073
printf@ret                                cstackBANK0  00007B
putch@txData                              cstackCOMRAM 000004
stackhi                                   (abs)        000F37
stacklo                                   (abs)        000120
start                                     init         000046
start_initialization                      cinit        001BB0
strlen@a                                  cstackCOMRAM 000007
strlen@s                                  cstackCOMRAM 000003
ttemp5                                    temp         00005B
ttemp6                                    temp         00005E
ttemp7                                    temp         000062
utoa@d                                    cstackCOMRAM 000022
utoa@fp                                   cstackCOMRAM 000020
utoa@i                                    cstackCOMRAM 00003E
utoa@n                                    cstackCOMRAM 000036
utoa@p                                    cstackCOMRAM 000032
utoa@w                                    cstackCOMRAM 000034
vfpfcnvrt@ap                              cstackCOMRAM 000048
vfpfcnvrt@c                               cstackBANK0  000070
vfpfcnvrt@fmt                             cstackCOMRAM 000046
vfpfcnvrt@fp                              cstackCOMRAM 000044
vfpfcnvrt@ll                              cstackBANK0  000060
vfpfcnvrt@llu                             cstackBANK0  000068
vfprintf@ap                               cstackCOMRAM 000052
vfprintf@cfmt                             cstackCOMRAM 000054
vfprintf@fmt                              cstackCOMRAM 000050
vfprintf@fp                               cstackCOMRAM 00004E
wtemp8                                    temp         00005B


FUNCTION INFORMATION:

 *************** function _main *****************
 Defined at:
		line 35 in file "main.c"
 Parameters:    Size  Location     Type
		None
 Auto vars:     Size  Location     Type
  avg             2  140[BANK0 ] unsigned short 
  adc_reading    64   40[BANK0 ] unsigned char [64]
  crossIndicie   32  104[BANK0 ] unsigned char [32]
  i               1  144[BANK0 ] unsigned char 
  cmd             1  143[BANK0 ] unsigned char 
  num_crosses     1  142[BANK0 ] unsigned char 
 Return value:  Size  Location     Type
                  1    wreg      void 
 Registers used:
		wreg, fsr1l, fsr1h, fsr2l, fsr2h, status,2, status,0, tblptrl, tblptrh, tblptru, prodl, prodh, cstack
 Tracked objects:
		On entry : 
		On exit  : 
		Unchanged: 
 Data sizes:     COMRAM   BANK0   BANK1   BANK2   BANK3   BANK4   BANK5   BANK6   BANK7   BANK8   BANK9  BANK10  BANK11  BANK12  BANK13  BANK14  BANK15
      Params:         0       0       0       0       0       0       0       0       0       0       0       0       0       0       0       0       0
      Locals:         0     105       0       0       0       0       0       0       0       0       0       0       0       0       0       0       0
      Temps:          0       9       0       0       0       0       0       0       0       0       0       0       0       0       0       0       0
      Totals:         0     114       0       0       0       0       0       0       0       0       0       0       0       0       0       0       0
Total ram usage:      114 bytes
 Hardware stack levels required when called:   13
 This function calls:
		_ADC_SelectChannel
		_EUSART1_Read
		_EUSART1_is_rx_ready
		_SYSTEM_Initialize
		___lwdiv
		___wmul
		_printf
 This function is called by:
		Startup code after reset
 This function uses a non-reentrant model


 *************** function _printf *****************
 Defined at:
		line 5 in file "C:\Program Files (x86)\Microchip\xc8\v2.00\pic\sources\c99\common\printf.c"
 Parameters:    Size  Location     Type
  fmt             2   19[BANK0 ] PTR const unsigned char 
		 -> STR_31(17), STR_30(28), STR_29(25), STR_28(16), 
		 -> STR_27(34), STR_26(4), STR_25(51), STR_24(3), 
		 -> STR_23(5), STR_22(9), STR_21(49), STR_20(5), 
		 -> STR_19(28), STR_18(5), STR_17(2), STR_16(5), 
		 -> STR_15(2), STR_14(5), STR_13(5), STR_12(33), 
		 -> STR_11(32), STR_10(43), STR_9(24), STR_8(21), 
		 -> STR_7(7), STR_6(15), STR_5(33), STR_4(5), 
		 -> STR_3(22), STR_2(25), STR_1(20), 
 Auto vars:     Size  Location     Type
  ap              2   29[BANK0 ] PTR void [1]
		 -> ?_printf(2), 
  ret             2   27[BANK0 ] int 
 Return value:  Size  Location     Type
                  2   19[BANK0 ] int 
 Registers used:
		wreg, fsr1l, fsr1h, fsr2l, fsr2h, status,2, status,0, tblptrl, tblptrh, tblptru, prodl, prodh, cstack
 Tracked objects:
		On entry : 
		On exit  : 
		Unchanged: 
 Data sizes:     COMRAM   BANK0   BANK1   BANK2   BANK3   BANK4   BANK5   BANK6   BANK7   BANK8   BANK9  BANK10  BANK11  BANK12  BANK13  BANK14  BANK15
      Params:         0       8       0       0       0       0       0       0       0       0       0       0       0       0       0       0       0
      Locals:         0       4       0       0       0       0       0       0       0       0       0       0       0       0       0       0       0
      Temps:          0       0       0       0       0       0       0       0       0       0       0       0       0       0       0       0       0
      Totals:         0      12       0       0       0       0       0       0       0       0       0       0       0       0       0       0       0
Total ram usage:       12 bytes
 Hardware stack levels used:    1
 Hardware stack levels required when called:   12
 This function calls:
		_vfprintf
 This function is called by:
		_main
 This function uses a non-reentrant model


 *************** function _vfprintf *****************
 Defined at:
		line 1368 in file "C:\Program Files (x86)\Microchip\xc8\v2.00\pic\sources\c99\common\doprnt.c"
 Parameters:    Size  Location     Type
  fp              2   77[COMRAM] PTR struct _IO_FILE
		 -> NULL(0), 
  fmt             2   79[COMRAM] PTR const unsigned char 
		 -> STR_31(17), STR_30(28), STR_29(25), STR_28(16), 
		 -> STR_27(34), STR_26(4), STR_25(51), STR_24(3), 
		 -> STR_23(5), STR_22(9), STR_21(49), STR_20(5), 
		 -> STR_19(28), STR_18(5), STR_17(2), STR_16(5), 
		 -> STR_15(2), STR_14(5), STR_13(5), STR_12(33), 
		 -> STR_11(32), STR_10(43), STR_9(24), STR_8(21), 
		 -> STR_7(7), STR_6(15), STR_5(33), STR_4(5), 
		 -> STR_3(22), STR_2(25), STR_1(20), 
  ap              2   81[COMRAM] PTR PTR void 
		 -> printf@ap(2), 
 Auto vars:     Size  Location     Type
  cfmt            2   83[COMRAM] PTR unsigned char 
		 -> STR_31(17), STR_30(28), STR_29(25), STR_28(16), 
		 -> STR_27(34), STR_26(4), STR_25(51), STR_24(3), 
		 -> STR_23(5), STR_22(9), STR_21(49), STR_20(5), 
		 -> STR_19(28), STR_18(5), STR_17(2), STR_16(5), 
		 -> STR_15(2), STR_14(5), STR_13(5), STR_12(33), 
		 -> STR_11(32), STR_10(43), STR_9(24), STR_8(21), 
		 -> STR_7(7), STR_6(15), STR_5(33), STR_4(5), 
		 -> STR_3(22), STR_2(25), STR_1(20), 
 Return value:  Size  Location     Type
                  2   77[COMRAM] int 
 Registers used:
		wreg, fsr1l, fsr1h, fsr2l, fsr2h, status,2, status,0, tblptrl, tblptrh, tblptru, prodl, prodh, cstack
 Tracked objects:
		On entry : 
		On exit  : 
		Unchanged: 
 Data sizes:     COMRAM   BANK0   BANK1   BANK2   BANK3   BANK4   BANK5   BANK6   BANK7   BANK8   BANK9  BANK10  BANK11  BANK12  BANK13  BANK14  BANK15
      Params:         6       0       0       0       0       0       0       0       0       0       0       0       0       0       0       0       0
      Locals:         2       0       0       0       0       0       0       0       0       0       0       0       0       0       0       0       0
      Temps:          0       0       0       0       0       0       0       0       0       0       0       0       0       0       0       0       0
      Totals:         8       0       0       0       0       0       0       0       0       0       0       0       0       0       0       0       0
Total ram usage:        8 bytes
 Hardware stack levels used:    1
 Hardware stack levels required when called:   11
 This function calls:
		_vfpfcnvrt
 This function is called by:
		_printf
 This function uses a non-reentrant model


 *************** function _vfpfcnvrt *****************
 Defined at:
		line 670 in file "C:\Program Files (x86)\Microchip\xc8\v2.00\pic\sources\c99\common\doprnt.c"
 Parameters:    Size  Location     Type
  fp              2   67[COMRAM] PTR struct _IO_FILE
		 -> NULL(0), 
  fmt             2   69[COMRAM] PTR PTR unsigned char 
		 -> vfprintf@cfmt(2), 
  ap              2   71[COMRAM] PTR PTR void 
		 -> printf@ap(2), 
 Auto vars:     Size  Location     Type
  llu             8    8[BANK0 ] unsigned long long 
  ll              8    0[BANK0 ] long long 
  f               4    0        long long 
  vp              3    0        PTR void 
  ct              3    0        unsigned char [3]
  cp              3    0        PTR unsigned char 
  i               2    0        int 
  done            2    0        int 
  c               1   16[BANK0 ] unsigned char 
 Return value:  Size  Location     Type
                  2   67[COMRAM] int 
 Registers used:
		wreg, fsr1l, fsr1h, fsr2l, fsr2h, status,2, status,0, tblptrl, tblptrh, tblptru, prodl, prodh, cstack
 Tracked objects:
		On entry : 
		On exit  : 
		Unchanged: 
 Data sizes:     COMRAM   BANK0   BANK1   BANK2   BANK3   BANK4   BANK5   BANK6   BANK7   BANK8   BANK9  BANK10  BANK11  BANK12  BANK13  BANK14  BANK15
      Params:         6       0       0       0       0       0       0       0       0       0       0       0       0       0       0       0       0
      Locals:         0      19       0       0       0       0       0       0       0       0       0       0       0       0       0       0       0
      Temps:          4       0       0       0       0       0       0       0       0       0       0       0       0       0       0       0       0
      Totals:        10      19       0       0       0       0       0       0       0       0       0       0       0       0       0       0       0
Total ram usage:       29 bytes
 Hardware stack levels used:    1
 Hardware stack levels required when called:   10
 This function calls:
		_atoi
		_ctoa
		_dtoa
		_fputc
		_isdigit
		_utoa
 This function is called by:
		_vfprintf
 This function uses a non-reentrant model


 *************** function _utoa *****************
 Defined at:
		line 593 in file "C:\Program Files (x86)\Microchip\xc8\v2.00\pic\sources\c99\common\doprnt.c"
 Parameters:    Size  Location     Type
  fp              2   31[COMRAM] PTR struct _IO_FILE
		 -> NULL(0), 
  d               8   33[COMRAM] unsigned long long 
 Auto vars:     Size  Location     Type
  n               8   53[COMRAM] unsigned long long 
  i               2   61[COMRAM] int 
  w               2   51[COMRAM] int 
  p               2   49[COMRAM] int 
 Return value:  Size  Location     Type
                  2   31[COMRAM] int 
 Registers used:
		wreg, fsr1l, fsr1h, fsr2l, fsr2h, status,2, status,0, cstack
 Tracked objects:
		On entry : 
		On exit  : 
		Unchanged: 
 Data sizes:     COMRAM   BANK0   BANK1   BANK2   BANK3   BANK4   BANK5   BANK6   BANK7   BANK8   BANK9  BANK10  BANK11  BANK12  BANK13  BANK14  BANK15
      Params:        10       0       0       0       0       0       0       0       0       0       0       0       0       0       0       0       0
      Locals:        14       0       0       0       0       0       0       0       0       0       0       0       0       0       0       0       0
      Temps:          8       0       0       0       0       0       0       0       0       0       0       0       0       0       0       0       0
      Totals:        32       0       0       0       0       0       0       0       0       0       0       0       0       0       0       0       0
Total ram usage:       32 bytes
 Hardware stack levels used:    1
 Hardware stack levels required when called:    9
 This function calls:
		___lodiv
		___lomod
		_pad
 This function is called by:
		_vfpfcnvrt
 This function uses a non-reentrant model


 *************** function ___lomod *****************
 Defined at:
		line 9 in file "C:\Program Files (x86)\Microchip\xc8\v2.00\pic\sources\c99\common\lomod.c"
 Parameters:    Size  Location     Type
  dividend        8    2[COMRAM] unsigned long long 
  divisor         8   10[COMRAM] unsigned long long 
 Auto vars:     Size  Location     Type
  counter         1   18[COMRAM] unsigned char 
 Return value:  Size  Location     Type
                  8    2[COMRAM] unsigned long long 
 Registers used:
		wreg, status,2, status,0
 Tracked objects:
		On entry : 
		On exit  : 
		Unchanged: 
 Data sizes:     COMRAM   BANK0   BANK1   BANK2   BANK3   BANK4   BANK5   BANK6   BANK7   BANK8   BANK9  BANK10  BANK11  BANK12  BANK13  BANK14  BANK15
      Params:        16       0       0       0       0       0       0       0       0       0       0       0       0       0       0       0       0
      Locals:         1       0       0       0       0       0       0       0       0       0       0       0       0       0       0       0       0
      Temps:          0       0       0       0       0       0       0       0       0       0       0       0       0       0       0       0       0
      Totals:        17       0       0       0       0       0       0       0       0       0       0       0       0       0       0       0       0
Total ram usage:       17 bytes
 Hardware stack levels used:    1
 Hardware stack levels required when called:    4
 This function calls:
		Nothing
 This function is called by:
		_utoa
 This function uses a non-reentrant model


 *************** function ___lodiv *****************
 Defined at:
		line 9 in file "C:\Program Files (x86)\Microchip\xc8\v2.00\pic\sources\c99\common\lodiv.c"
 Parameters:    Size  Location     Type
  dividend        8    2[COMRAM] unsigned long long 
  divisor         8   10[COMRAM] unsigned long long 
 Auto vars:     Size  Location     Type
  quotient        8   18[COMRAM] unsigned long long 
  counter         1   26[COMRAM] unsigned char 
 Return value:  Size  Location     Type
                  8    2[COMRAM] unsigned long long 
 Registers used:
		wreg, fsr2l, fsr2h, status,2, status,0
 Tracked objects:
		On entry : 
		On exit  : 
		Unchanged: 
 Data sizes:     COMRAM   BANK0   BANK1   BANK2   BANK3   BANK4   BANK5   BANK6   BANK7   BANK8   BANK9  BANK10  BANK11  BANK12  BANK13  BANK14  BANK15
      Params:        16       0       0       0       0       0       0       0       0       0       0       0       0       0       0       0       0
      Locals:         9       0       0       0       0       0       0       0       0       0       0       0       0       0       0       0       0
      Temps:          0       0       0       0       0       0       0       0       0       0       0       0       0       0       0       0       0
      Totals:        25       0       0       0       0       0       0       0       0       0       0       0       0       0       0       0       0
Total ram usage:       25 bytes
 Hardware stack levels used:    1
 Hardware stack levels required when called:    4
 This function calls:
		Nothing
 This function is called by:
		_utoa
 This function uses a non-reentrant model


 *************** function _dtoa *****************
 Defined at:
		line 274 in file "C:\Program Files (x86)\Microchip\xc8\v2.00\pic\sources\c99\common\doprnt.c"
 Parameters:    Size  Location     Type
  fp              2   31[COMRAM] PTR struct _IO_FILE
		 -> NULL(0), 
  d               8   33[COMRAM] long long 
 Auto vars:     Size  Location     Type
  n               8   57[COMRAM] long long 
  i               2   65[COMRAM] int 
  s               2   55[COMRAM] int 
  w               2   53[COMRAM] int 
  p               2   51[COMRAM] int 
 Return value:  Size  Location     Type
                  2   31[COMRAM] int 
 Registers used:
		wreg, fsr1l, fsr1h, fsr2l, fsr2h, status,2, status,0, cstack
 Tracked objects:
		On entry : 
		On exit  : 
		Unchanged: 
 Data sizes:     COMRAM   BANK0   BANK1   BANK2   BANK3   BANK4   BANK5   BANK6   BANK7   BANK8   BANK9  BANK10  BANK11  BANK12  BANK13  BANK14  BANK15
      Params:        10       0       0       0       0       0       0       0       0       0       0       0       0       0       0       0       0
      Locals:        18       0       0       0       0       0       0       0       0       0       0       0       0       0       0       0       0
      Temps:          8       0       0       0       0       0       0       0       0       0       0       0       0       0       0       0       0
      Totals:        36       0       0       0       0       0       0       0       0       0       0       0       0       0       0       0       0
Total ram usage:       36 bytes
 Hardware stack levels used:    1
 Hardware stack levels required when called:    9
 This function calls:
		___aodiv
		___aomod
		_abs
		_pad
 This function is called by:
		_vfpfcnvrt
 This function uses a non-reentrant model


 *************** function _abs *****************
 Defined at:
		line 1 in file "C:\Program Files (x86)\Microchip\xc8\v2.00\pic\sources\c99\common\abs.c"
 Parameters:    Size  Location     Type
  a               2   20[COMRAM] int 
 Auto vars:     Size  Location     Type
		None
 Return value:  Size  Location     Type
                  2   20[COMRAM] int 
 Registers used:
		wreg, status,2, status,0
 Tracked objects:
		On entry : 
		On exit  : 
		Unchanged: 
 Data sizes:     COMRAM   BANK0   BANK1   BANK2   BANK3   BANK4   BANK5   BANK6   BANK7   BANK8   BANK9  BANK10  BANK11  BANK12  BANK13  BANK14  BANK15
      Params:         2       0       0       0       0       0       0       0       0       0       0       0       0       0       0       0       0
      Locals:         0       0       0       0       0       0       0       0       0       0       0       0       0       0       0       0       0
      Temps:          2       0       0       0       0       0       0       0       0       0       0       0       0       0       0       0       0
      Totals:         4       0       0       0       0       0       0       0       0       0       0       0       0       0       0       0       0
Total ram usage:        4 bytes
 Hardware stack levels used:    1
 Hardware stack levels required when called:    4
 This function calls:
		Nothing
 This function is called by:
		_dtoa
 This function uses a non-reentrant model


 *************** function ___aomod *****************
 Defined at:
		line 9 in file "C:\Program Files (x86)\Microchip\xc8\v2.00\pic\sources\c99\common\aomod.c"
 Parameters:    Size  Location     Type
  dividend        8    2[COMRAM] long long 
  divisor         8   10[COMRAM] long long 
 Auto vars:     Size  Location     Type
  sign            1   19[COMRAM] unsigned char 
  counter         1   18[COMRAM] unsigned char 
 Return value:  Size  Location     Type
                  8    2[COMRAM] long long 
 Registers used:
		wreg, status,2, status,0
 Tracked objects:
		On entry : 
		On exit  : 
		Unchanged: 
 Data sizes:     COMRAM   BANK0   BANK1   BANK2   BANK3   BANK4   BANK5   BANK6   BANK7   BANK8   BANK9  BANK10  BANK11  BANK12  BANK13  BANK14  BANK15
      Params:        16       0       0       0       0       0       0       0       0       0       0       0       0       0       0       0       0
      Locals:         2       0       0       0       0       0       0       0       0       0       0       0       0       0       0       0       0
      Temps:          0       0       0       0       0       0       0       0       0       0       0       0       0       0       0       0       0
      Totals:        18       0       0       0       0       0       0       0       0       0       0       0       0       0       0       0       0
Total ram usage:       18 bytes
 Hardware stack levels used:    1
 Hardware stack levels required when called:    4
 This function calls:
		Nothing
 This function is called by:
		_dtoa
 This function uses a non-reentrant model


 *************** function ___aodiv *****************
 Defined at:
		line 9 in file "C:\Program Files (x86)\Microchip\xc8\v2.00\pic\sources\c99\common\aodiv.c"
 Parameters:    Size  Location     Type
  dividend        8    2[COMRAM] long long 
  divisor         8   10[COMRAM] long long 
 Auto vars:     Size  Location     Type
  quotient        8   20[COMRAM] long long 
  sign            1   19[COMRAM] unsigned char 
  counter         1   18[COMRAM] unsigned char 
 Return value:  Size  Location     Type
                  8    2[COMRAM] long long 
 Registers used:
		wreg, fsr2l, fsr2h, status,2, status,0
 Tracked objects:
		On entry : 
		On exit  : 
		Unchanged: 
 Data sizes:     COMRAM   BANK0   BANK1   BANK2   BANK3   BANK4   BANK5   BANK6   BANK7   BANK8   BANK9  BANK10  BANK11  BANK12  BANK13  BANK14  BANK15
      Params:        16       0       0       0       0       0       0       0       0       0       0       0       0       0       0       0       0
      Locals:        10       0       0       0       0       0       0       0       0       0       0       0       0       0       0       0       0
      Temps:          0       0       0       0       0       0       0       0       0       0       0       0       0       0       0       0       0
      Totals:        26       0       0       0       0       0       0       0       0       0       0       0       0       0       0       0       0
Total ram usage:       26 bytes
 Hardware stack levels used:    1
 Hardware stack levels required when called:    4
 This function calls:
		Nothing
 This function is called by:
		_dtoa
 This function uses a non-reentrant model


 *************** function _ctoa *****************
 Defined at:
		line 259 in file "C:\Program Files (x86)\Microchip\xc8\v2.00\pic\sources\c99\common\doprnt.c"
 Parameters:    Size  Location     Type
  fp              2   31[COMRAM] PTR struct _IO_FILE
		 -> NULL(0), 
  c               1   33[COMRAM] unsigned char 
 Auto vars:     Size  Location     Type
  w               2   34[COMRAM] int 
  l               2    0        int 
 Return value:  Size  Location     Type
                  2   31[COMRAM] int 
 Registers used:
		wreg, fsr1l, fsr1h, fsr2l, fsr2h, status,2, status,0, cstack
 Tracked objects:
		On entry : 
		On exit  : 
		Unchanged: 
 Data sizes:     COMRAM   BANK0   BANK1   BANK2   BANK3   BANK4   BANK5   BANK6   BANK7   BANK8   BANK9  BANK10  BANK11  BANK12  BANK13  BANK14  BANK15
      Params:         3       0       0       0       0       0       0       0       0       0       0       0       0       0       0       0       0
      Locals:         2       0       0       0       0       0       0       0       0       0       0       0       0       0       0       0       0
      Temps:          0       0       0       0       0       0       0       0       0       0       0       0       0       0       0       0       0
      Totals:         5       0       0       0       0       0       0       0       0       0       0       0       0       0       0       0       0
Total ram usage:        5 bytes
 Hardware stack levels used:    1
 Hardware stack levels required when called:    9
 This function calls:
		_pad
 This function is called by:
		_vfpfcnvrt
 This function uses a non-reentrant model


 *************** function _pad *****************
 Defined at:
		line 72 in file "C:\Program Files (x86)\Microchip\xc8\v2.00\pic\sources\c99\common\doprnt.c"
 Parameters:    Size  Location     Type
  fp              2   20[COMRAM] PTR struct _IO_FILE
		 -> NULL(0), 
  buf             2   22[COMRAM] PTR unsigned char 
		 -> dbuf(32), 
  p               2   24[COMRAM] int 
 Auto vars:     Size  Location     Type
  w               2   29[COMRAM] int 
  i               2   27[COMRAM] int 
 Return value:  Size  Location     Type
                  2   20[COMRAM] int 
 Registers used:
		wreg, fsr1l, fsr1h, fsr2l, fsr2h, status,2, status,0, cstack
 Tracked objects:
		On entry : 
		On exit  : 
		Unchanged: 
 Data sizes:     COMRAM   BANK0   BANK1   BANK2   BANK3   BANK4   BANK5   BANK6   BANK7   BANK8   BANK9  BANK10  BANK11  BANK12  BANK13  BANK14  BANK15
      Params:         6       0       0       0       0       0       0       0       0       0       0       0       0       0       0       0       0
      Locals:         4       0       0       0       0       0       0       0       0       0       0       0       0       0       0       0       0
      Temps:          1       0       0       0       0       0       0       0       0       0       0       0       0       0       0       0       0
      Totals:        11       0       0       0       0       0       0       0       0       0       0       0       0       0       0       0       0
Total ram usage:       11 bytes
 Hardware stack levels used:    1
 Hardware stack levels required when called:    8
 This function calls:
		_fputc
		_fputs
		_strlen
 This function is called by:
		_ctoa
		_dtoa
		_utoa
 This function uses a non-reentrant model


 *************** function _strlen *****************
 Defined at:
		line 12 in file "C:\Program Files (x86)\Microchip\xc8\v2.00\pic\sources\c99\common\strlen.c"
 Parameters:    Size  Location     Type
  s               2    2[COMRAM] PTR const unsigned char 
		 -> dbuf(32), 
 Auto vars:     Size  Location     Type
  a               2    6[COMRAM] PTR const unsigned char 
		 -> dbuf(32), 
 Return value:  Size  Location     Type
                  2    2[COMRAM] unsigned int 
 Registers used:
		wreg, fsr2l, fsr2h, status,2, status,0
 Tracked objects:
		On entry : 
		On exit  : 
		Unchanged: 
 Data sizes:     COMRAM   BANK0   BANK1   BANK2   BANK3   BANK4   BANK5   BANK6   BANK7   BANK8   BANK9  BANK10  BANK11  BANK12  BANK13  BANK14  BANK15
      Params:         2       0       0       0       0       0       0       0       0       0       0       0       0       0       0       0       0
      Locals:         2       0       0       0       0       0       0       0       0       0       0       0       0       0       0       0       0
      Temps:          2       0       0       0       0       0       0       0       0       0       0       0       0       0       0       0       0
      Totals:         6       0       0       0       0       0       0       0       0       0       0       0       0       0       0       0       0
Total ram usage:        6 bytes
 Hardware stack levels used:    1
 Hardware stack levels required when called:    4
 This function calls:
		Nothing
 This function is called by:
		_pad
 This function uses a non-reentrant model


 *************** function _fputs *****************
 Defined at:
		line 8 in file "C:\Program Files (x86)\Microchip\xc8\v2.00\pic\sources\c99\common\nf_fputs.c"
 Parameters:    Size  Location     Type
  s               2   13[COMRAM] PTR const unsigned char 
		 -> dbuf(32), 
  fp              2   15[COMRAM] PTR struct _IO_FILE
		 -> NULL(0), 
 Auto vars:     Size  Location     Type
  i               2   18[COMRAM] int 
  c               1   17[COMRAM] unsigned char 
 Return value:  Size  Location     Type
                  2   13[COMRAM] int 
 Registers used:
		wreg, fsr1l, fsr1h, fsr2l, fsr2h, status,2, status,0, cstack
 Tracked objects:
		On entry : 
		On exit  : 
		Unchanged: 
 Data sizes:     COMRAM   BANK0   BANK1   BANK2   BANK3   BANK4   BANK5   BANK6   BANK7   BANK8   BANK9  BANK10  BANK11  BANK12  BANK13  BANK14  BANK15
      Params:         4       0       0       0       0       0       0       0       0       0       0       0       0       0       0       0       0
      Locals:         3       0       0       0       0       0       0       0       0       0       0       0       0       0       0       0       0
      Temps:          0       0       0       0       0       0       0       0       0       0       0       0       0       0       0       0       0
      Totals:         7       0       0       0       0       0       0       0       0       0       0       0       0       0       0       0       0
Total ram usage:        7 bytes
 Hardware stack levels used:    1
 Hardware stack levels required when called:    7
 This function calls:
		_fputc
 This function is called by:
		_pad
 This function uses a non-reentrant model


 *************** function _fputc *****************
 Defined at:
		line 8 in file "C:\Program Files (x86)\Microchip\xc8\v2.00\pic\sources\c99\common\nf_fputc.c"
 Parameters:    Size  Location     Type
  c               2    4[COMRAM] int 
  fp              2    6[COMRAM] PTR struct _IO_FILE
		 -> NULL(0), 
 Auto vars:     Size  Location     Type
		None
 Return value:  Size  Location     Type
                  2    4[COMRAM] int 
 Registers used:
		wreg, fsr1l, fsr1h, fsr2l, fsr2h, status,2, status,0, cstack
 Tracked objects:
		On entry : 
		On exit  : 
		Unchanged: 
 Data sizes:     COMRAM   BANK0   BANK1   BANK2   BANK3   BANK4   BANK5   BANK6   BANK7   BANK8   BANK9  BANK10  BANK11  BANK12  BANK13  BANK14  BANK15
[...]
      Locals:         0       0       0       0       0       0       0       0       0       0       0       0       0       0       0       0       0
      Temps:          0       0       0       0       0       0       0       0       0       0       0       0       0       0       0       0       0
      Totals:         0       0       0       0       0       0       0       0       0       0       0       0       0       0       0       0       0
Total ram usage:        0 bytes
 Hardware stack levels used:    1
 Hardware stack levels required when called:    4
 This function calls:
		Nothing
 This function is called by:
		_SYSTEM_Initialize
 This function uses a non-reentrant model


 *************** function _INTERRUPT_Initialize *****************
 Defined at:
		line 52 in file "mcc_generated_files/interrupt_manager.c"
 Parameters:    Size  Location     Type
		None
 Auto vars:     Size  Location     Type
		None
 Return value:  Size  Location     Type
                  1    wreg      void 
 Registers used:
		None
 Tracked objects:
		On entry : 
		On exit  : 
		Unchanged: 
 Data sizes:     COMRAM   BANK0   BANK1   BANK2   BANK3   BANK4   BANK5   BANK6   BANK7   BANK8   BANK9  BANK10  BANK11  BANK12  BANK13  BANK14  BANK15
      Params:         0       0       0       0       0       0       0       0       0       0       0       0       0       0       0       0       0
      Locals:         0       0       0       0       0       0       0       0       0       0       0       0       0       0       0       0       0
      Temps:          0       0       0       0       0       0       0       0       0       0       0       0       0       0       0       0       0
      Totals:         0       0       0       0       0       0       0       0       0       0       0       0       0       0       0       0       0
Total ram usage:        0 bytes
 Hardware stack levels used:    1
 Hardware stack levels required when called:    4
 This function calls:
		Nothing
 This function is called by:
		_SYSTEM_Initialize
 This function uses a non-reentrant model


 *************** function _EUSART1_Initialize *****************
 Defined at:
		line 56 in file "mcc_generated_files/eusart1.c"
 Parameters:    Size  Location     Type
		None
 Auto vars:     Size  Location     Type
		None
 Return value:  Size  Location     Type
                  1    wreg      void 
 Registers used:
		wreg, status,2
 Tracked objects:
		On entry : 
		On exit  : 
		Unchanged: 
 Data sizes:     COMRAM   BANK0   BANK1   BANK2   BANK3   BANK4   BANK5   BANK6   BANK7   BANK8   BANK9  BANK10  BANK11  BANK12  BANK13  BANK14  BANK15
      Params:         0       0       0       0       0       0       0       0       0       0       0       0       0       0       0       0       0
      Locals:         0       0       0       0       0       0       0       0       0       0       0       0       0       0       0       0       0
      Temps:          0       0       0       0       0       0       0       0       0       0       0       0       0       0       0       0       0
      Totals:         0       0       0       0       0       0       0       0       0       0       0       0       0       0       0       0       0
Total ram usage:        0 bytes
 Hardware stack levels used:    1
 Hardware stack levels required when called:    4
 This function calls:
		Nothing
 This function is called by:
		_SYSTEM_Initialize
 This function uses a non-reentrant model


 *************** function _ADC_Initialize *****************
 Defined at:
		line 60 in file "mcc_generated_files/adc.c"
 Parameters:    Size  Location     Type
		None
 Auto vars:     Size  Location     Type
		None
 Return value:  Size  Location     Type
                  1    wreg      void 
 Registers used:
		wreg, status,2
 Tracked objects:
		On entry : 
		On exit  : 
		Unchanged: 
 Data sizes:     COMRAM   BANK0   BANK1   BANK2   BANK3   BANK4   BANK5   BANK6   BANK7   BANK8   BANK9  BANK10  BANK11  BANK12  BANK13  BANK14  BANK15
      Params:         0       0       0       0       0       0       0       0       0       0       0       0       0       0       0       0       0
      Locals:         0       0       0       0       0       0       0       0       0       0       0       0       0       0       0       0       0
      Temps:          0       0       0       0       0       0       0       0       0       0       0       0       0       0       0       0       0
      Totals:         0       0       0       0       0       0       0       0       0       0       0       0       0       0       0       0       0
Total ram usage:        0 bytes
 Hardware stack levels used:    1
 Hardware stack levels required when called:    4
 This function calls:
		Nothing
 This function is called by:
		_SYSTEM_Initialize
 This function uses a non-reentrant model


 *************** function _EUSART1_is_rx_ready *****************
 Defined at:
		line 83 in file "mcc_generated_files/eusart1.c"
 Parameters:    Size  Location     Type
		None
 Auto vars:     Size  Location     Type
		None
 Return value:  Size  Location     Type
                  1    wreg      _Bool 
 Registers used:
		wreg
 Tracked objects:
		On entry : 
		On exit  : 
		Unchanged: 
 Data sizes:     COMRAM   BANK0   BANK1   BANK2   BANK3   BANK4   BANK5   BANK6   BANK7   BANK8   BANK9  BANK10  BANK11  BANK12  BANK13  BANK14  BANK15
      Params:         0       0       0       0       0       0       0       0       0       0       0       0       0       0       0       0       0
      Locals:         0       0       0       0       0       0       0       0       0       0       0       0       0       0       0       0       0
      Temps:          0       0       0       0       0       0       0       0       0       0       0       0       0       0       0       0       0
      Totals:         0       0       0       0       0       0       0       0       0       0       0       0       0       0       0       0       0
Total ram usage:        0 bytes
 Hardware stack levels used:    1
 Hardware stack levels required when called:    4
 This function calls:
		Nothing
 This function is called by:
		_main
 This function uses a non-reentrant model


 *************** function _EUSART1_Read *****************
 Defined at:
		line 93 in file "mcc_generated_files/eusart1.c"
 Parameters:    Size  Location     Type
		None
 Auto vars:     Size  Location     Type
		None
 Return value:  Size  Location     Type
                  1    wreg      unsigned char 
 Registers used:
		wreg, status,2
 Tracked objects:
		On entry : 
		On exit  : 
		Unchanged: 
 Data sizes:     COMRAM   BANK0   BANK1   BANK2   BANK3   BANK4   BANK5   BANK6   BANK7   BANK8   BANK9  BANK10  BANK11  BANK12  BANK13  BANK14  BANK15
      Params:         0       0       0       0       0       0       0       0       0       0       0       0       0       0       0       0       0
      Locals:         0       0       0       0       0       0       0       0       0       0       0       0       0       0       0       0       0
      Temps:          0       0       0       0       0       0       0       0       0       0       0       0       0       0       0       0       0
      Totals:         0       0       0       0       0       0       0       0       0       0       0       0       0       0       0       0       0
Total ram usage:        0 bytes
 Hardware stack levels used:    1
 Hardware stack levels required when called:    4
 This function calls:
		Nothing
 This function is called by:
		_main
		_getch
 This function uses a non-reentrant model


 *************** function _ADC_SelectChannel *****************
 Defined at:
		line 81 in file "mcc_generated_files/adc.c"
 Parameters:    Size  Location     Type
  channel         1    wreg     enum E5747
 Auto vars:     Size  Location     Type
  channel         1    3[COMRAM] enum E5747
 Return value:  Size  Location     Type
                  1    wreg      void 
 Registers used:
		wreg, status,2, status,0
 Tracked objects:
		On entry : 
		On exit  : 
		Unchanged: 
 Data sizes:     COMRAM   BANK0   BANK1   BANK2   BANK3   BANK4   BANK5   BANK6   BANK7   BANK8   BANK9  BANK10  BANK11  BANK12  BANK13  BANK14  BANK15
      Params:         0       0       0       0       0       0       0       0       0       0       0       0       0       0       0       0       0
      Locals:         1       0       0       0       0       0       0       0       0       0       0       0       0       0       0       0       0
      Temps:          1       0       0       0       0       0       0       0       0       0       0       0       0       0       0       0       0
      Totals:         2       0       0       0       0       0       0       0       0       0       0       0       0       0       0       0       0
Total ram usage:        2 bytes
 Hardware stack levels used:    1
 Hardware stack levels required when called:    4
 This function calls:
		Nothing
 This function is called by:
		_main
 This function uses a non-reentrant model


 *************** function _INTERRUPT_InterruptManager *****************
 Defined at:
		line 58 in file "mcc_generated_files/interrupt_manager.c"
 Parameters:    Size  Location     Type
		None
 Auto vars:     Size  Location     Type
		None
 Return value:  Size  Location     Type
                  1    wreg      void 
 Registers used:
		wreg, status,2, status,0, pclath, tosl, cstack
 Tracked objects:
		On entry : 
		On exit  : 
		Unchanged: 
 Data sizes:     COMRAM   BANK0   BANK1   BANK2   BANK3   BANK4   BANK5   BANK6   BANK7   BANK8   BANK9  BANK10  BANK11  BANK12  BANK13  BANK14  BANK15
      Params:         0       0       0       0       0       0       0       0       0       0       0       0       0       0       0       0       0
      Locals:         0       0       0       0       0       0       0       0       0       0       0       0       0       0       0       0       0
      Temps:          2       0       0       0       0       0       0       0       0       0       0       0       0       0       0       0       0
      Totals:         2       0       0       0       0       0       0       0       0       0       0       0       0       0       0       0       0
Total ram usage:        2 bytes
 Hardware stack levels used:    1
 Hardware stack levels required when called:    3
 This function calls:
		_TMR0_ISR
 This function is called by:
		Interrupt level 2
 This function uses a non-reentrant model


 *************** function _TMR0_ISR *****************
 Defined at:
		line 136 in file "mcc_generated_files/tmr0.c"
 Parameters:    Size  Location     Type
		None
 Auto vars:     Size  Location     Type
		None
 Return value:  Size  Location     Type
                  1    wreg      void 
 Registers used:
		wreg, status,2, status,0, pclath, tosl, cstack
 Tracked objects:
		On entry : 
		On exit  : 
		Unchanged: 
 Data sizes:     COMRAM   BANK0   BANK1   BANK2   BANK3   BANK4   BANK5   BANK6   BANK7   BANK8   BANK9  BANK10  BANK11  BANK12  BANK13  BANK14  BANK15
      Params:         0       0       0       0       0       0       0       0       0       0       0       0       0       0       0       0       0
      Locals:         0       0       0       0       0       0       0       0       0       0       0       0       0       0       0       0       0
      Temps:          0       0       0       0       0       0       0       0       0       0       0       0       0       0       0       0       0
      Totals:         0       0       0       0       0       0       0       0       0       0       0       0       0       0       0       0       0
Total ram usage:        0 bytes
 Hardware stack levels used:    1
 Hardware stack levels required when called:    2
 This function calls:
		Absolute function
		_TMR0_DefaultInterruptHandler
 This function is called by:
		_INTERRUPT_InterruptManager
 This function uses a non-reentrant model


 *************** function _TMR0_DefaultInterruptHandler *****************
 Defined at:
		line 163 in file "main.c"
 Parameters:    Size  Location     Type
		None
 Auto vars:     Size  Location     Type
		None
 Return value:  Size  Location     Type
                  1    wreg      void 
 Registers used:
		wreg, status,2, cstack
 Tracked objects:
		On entry : 
		On exit  : 
		Unchanged: 
 Data sizes:     COMRAM   BANK0   BANK1   BANK2   BANK3   BANK4   BANK5   BANK6   BANK7   BANK8   BANK9  BANK10  BANK11  BANK12  BANK13  BANK14  BANK15
      Params:         0       0       0       0       0       0       0       0       0       0       0       0       0       0       0       0       0
      Locals:         0       0       0       0       0       0       0       0       0       0       0       0       0       0       0       0       0
      Temps:          0       0       0       0       0       0       0       0       0       0       0       0       0       0       0       0       0
      Totals:         0       0       0       0       0       0       0       0       0       0       0       0       0       0       0       0       0
Total ram usage:        0 bytes
 Hardware stack levels used:    1
 Hardware stack levels required when called:    1
 This function calls:
		_TMR0_Reload
 This function is called by:
		_TMR0_Initialize
		_TMR0_ISR
 This function uses a non-reentrant model


 *************** function _TMR0_Reload *****************
 Defined at:
		line 129 in file "mcc_generated_files/tmr0.c"
 Parameters:    Size  Location     Type
		None
 Auto vars:     Size  Location     Type
		None
 Return value:  Size  Location     Type
                  1    wreg      void 
 Registers used:
		wreg, status,2
 Tracked objects:
		On entry : 
		On exit  : 
		Unchanged: 
 Data sizes:     COMRAM   BANK0   BANK1   BANK2   BANK3   BANK4   BANK5   BANK6   BANK7   BANK8   BANK9  BANK10  BANK11  BANK12  BANK13  BANK14  BANK15
      Params:         0       0       0       0       0       0       0       0       0       0       0       0       0       0       0       0       0
      Locals:         0       0       0       0       0       0       0       0       0       0       0       0       0       0       0       0       0
      Temps:          0       0       0       0       0       0       0       0       0       0       0       0       0       0       0       0       0
      Totals:         0       0       0       0       0       0       0       0       0       0       0       0       0       0       0       0       0
Total ram usage:        0 bytes
 Hardware stack levels used:    1
 This function calls:
		Nothing
 This function is called by:
		_TMR0_DefaultInterruptHandler
 This function uses a non-reentrant model



MODULE INFORMATION

Module		Function		Class		Link	Load	Size
C:\Program Files (x86)\Microchip\xc8\v2.00\pic\sources\c99\common\isspace.c
		_isspace       		CODE           	1AB8	0000	91

C:\Program Files (x86)\Microchip\xc8\v2.00\pic\sources\c99\common\isspace.c estimated size: 91

C:\Program Files (x86)\Microchip\xc8\v2.00\pic\sources\c99\common\printf.c
		_printf        		CODE           	1CEA	0000	53

C:\Program Files (x86)\Microchip\xc8\v2.00\pic\sources\c99\common\printf.c estimated size: 53

C:\Program Files (x86)\Microchip\xc8\v2.00\pic\sources\c99\common\lomod.c
		___lomod       		CODE           	1702	0000	229

C:\Program Files (x86)\Microchip\xc8\v2.00\pic\sources\c99\common\lomod.c estimated size: 229

C:\Program Files (x86)\Microchip\xc8\v2.00\pic\sources\c99\common\aomod.c
		___aomod       		CODE           	1472	0000	397

C:\Program Files (x86)\Microchip\xc8\v2.00\pic\sources\c99\common\aomod.c estimated size: 397

mcc_generated_files/interrupt_manager.c
		_INTERRUPT_Initialize		CODE           	1E92	0000	5
		_INTERRUPT_InterruptManager		CODE           	0008	0000	63

mcc_generated_files/interrupt_manager.c estimated size: 68

mcc_generated_files/tmr0.c
		_TMR0_SetInterruptHandler		CODE           	1E7E	0000	11
		_TMR0_Reload   		CODE           	1E88	0000	11
		_TMR0_ISR      		CODE           	1C78	0000	61
		_TMR0_Initialize		CODE           	1CB4	0000	55

mcc_generated_files/tmr0.c estimated size: 138

C:\Program Files (x86)\Microchip\xc8\v2.00\pic\sources\c99\common\strlen.c
		_strlen        		CODE           	1B12	0000	83

C:\Program Files (x86)\Microchip\xc8\v2.00\pic\sources\c99\common\strlen.c estimated size: 83

mcc_generated_files/pin_manager.c
		_PIN_MANAGER_Initialize		CODE           	1D78	0000	43

mcc_generated_files/pin_manager.c estimated size: 43

C:\Program Files (x86)\Microchip\xc8\v2.00\pic\sources\c99\common\nf_fputc.c
		_fputc         		CODE           	18BC	0000	171

C:\Program Files (x86)\Microchip\xc8\v2.00\pic\sources\c99\common\nf_fputc.c estimated size: 171

C:\Program Files (x86)\Microchip\xc8\v2.00\pic\sources\c99\common\abs.c
		_abs           		CODE           	1BF8	0000	69

C:\Program Files (x86)\Microchip\xc8\v2.00\pic\sources\c99\common\abs.c estimated size: 69

mcc_generated_files/adc.c
		_ADC_Initialize		CODE           	1E5E	0000	23
		_ADC_SelectChannel		CODE           	1E30	0000	25

mcc_generated_files/adc.c estimated size: 48

C:\Program Files (x86)\Microchip\xc8\v2.00\pic\sources\c99\common\lodiv.c
		___lodiv       		CODE           	15FE	0000	261

C:\Program Files (x86)\Microchip\xc8\v2.00\pic\sources\c99\common\lodiv.c estimated size: 261

C:\Program Files (x86)\Microchip\xc8\v2.00\pic\sources\c99\common\aodiv.c
		___aodiv       		CODE           	12C2	0000	433

C:\Program Files (x86)\Microchip\xc8\v2.00\pic\sources\c99\common\aodiv.c estimated size: 433

C:\Program Files (x86)\Microchip\xc8\v2.00\pic\sources\c99\common\isdigit.c
		_isdigit       		CODE           	1C3C	0000	61

C:\Program Files (x86)\Microchip\xc8\v2.00\pic\sources\c99\common\isdigit.c estimated size: 61

C:\Program Files (x86)\Microchip\xc8\v2.00\pic\sources\c99\common\doprnt.c
		_vfpfcnvrt     		CODE           	0722	0000	1089
		_pad           		CODE           	17E6	0000	215
		_ctoa          		CODE           	1A56	0000	99
		_dtoa          		CODE           	0B62	0000	799
		_vfprintf      		CODE           	19EE	0000	105
		_utoa          		CODE           	0E80	0000	551

C:\Program Files (x86)\Microchip\xc8\v2.00\pic\sources\c99\common\doprnt.c estimated size: 2858

C:\Program Files (x86)\Microchip\xc8\v2.00\pic\sources\c99\common\lwdiv.c
		___lwdiv       		CODE           	1966	0000	137

C:\Program Files (x86)\Microchip\xc8\v2.00\pic\sources\c99\common\lwdiv.c estimated size: 137

shared
		__initialization		CODE           	1BB0	0000	63

shared estimated size: 63

mcc_generated_files/eusart1.c
		_EUSART1_is_rx_ready		CODE           	1E18	0000	25
		_EUSART1_Initialize		CODE           	1E48	0000	23
		_putch         		CODE           	1E74	0000	11
		_EUSART1_Read  		CODE           	1D1E	0000	49
		_EUSART1_Write 		CODE           	1DC6	0000	31

mcc_generated_files/eusart1.c estimated size: 139

mcc_generated_files/mcc.c
		_OSCILLATOR_Initialize		CODE           	1DA2	0000	37
		_SYSTEM_Initialize		CODE           	1DE4	0000	27

mcc_generated_files/mcc.c estimated size: 64

C:\Program Files (x86)\Microchip\xc8\v2.00\pic\sources\c99\common\atoi.c
		_atoi          		CODE           	10A6	0000	541

C:\Program Files (x86)\Microchip\xc8\v2.00\pic\sources\c99\common\atoi.c estimated size: 541

C:\Program Files (x86)\Microchip\xc8\v2.00\pic\sources\c99\common\Umul16.c
		___wmul        		CODE           	1D4E	0000	43

C:\Program Files (x86)\Microchip\xc8\v2.00\pic\sources\c99\common\Umul16.c estimated size: 43

main.c
		_main          		CODE           	004A	0000	1753
		_TMR0_DefaultInterruptHandler		CODE           	1DFE	0000	27

main.c estimated size: 1780

C:\Program Files (x86)\Microchip\xc8\v2.00\pic\sources\c99\common\nf_fputs.c
		_fputs         		CODE           	1B64	0000	77

C:\Program Files (x86)\Microchip\xc8\v2.00\pic\sources\c99\common\nf_fputs.c estimated size: 77

